
> learnership-management-system@1.0.0 build
> next build

  ▲ Next.js 14.2.35
  - Environments: .env.local, .env

   Creating an optimized production build ...
 ✓ Compiled successfully
   Skipping linting
   Checking validity of types ...
Failed to compile.

./src/app/page.tsx:86:25
Type error: Property 'activeGroups' does not exist on type 'DashboardStats'.

[0m [90m 84 |[39m               [33m<[39m[33mp[39m className[33m=[39m[32m"text-[10px] font-black uppercase tracking-widest text-slate-500 mb-1"[39m[33m>[39m[33mActive[39m [33mBatches[39m[33m<[39m[33m/[39m[33mp[39m[33m>[39m[0m
[0m [90m 85 |[39m               [33m<[39m[33mp[39m className[33m=[39m[32m"text-2xl font-black font-display text-emerald-400"[39m[33m>[39m[0m
[0m[31m[1m>[22m[39m[90m 86 |[39m                 {stats[33m?[39m[33m.[39mactiveGroups [33m||[39m [35m0[39m}[33m<[39m[33mspan[39m className[33m=[39m[32m"text-sm font-medium text-slate-600 ml-1"[39m[33m>[39m[33m/[39m{stats[33m?[39m[33m.[39mtotalGroups [33m||[39m [35m0[39m}[33m<[39m[33m/[39m[33mspan[39m[33m>[39m[0m
[0m [90m    |[39m                         [31m[1m^[22m[39m[0m
[0m [90m 87 |[39m               [33m<[39m[33m/[39m[33mp[39m[33m>[39m[0m
[0m [90m 88 |[39m             [33m<[39m[33m/[39m[33mdiv[39m[33m>[39m[0m
[0m [90m 89 |[39m             [33m<[39m[33mdiv[39m className[33m=[39m[32m"px-6 py-4 rounded-3xl bg-emerald-500 shadow-xl shadow-emerald-500/20"[39m[33m>[39m[0m
Next.js build worker exited with code: 1 and signal: null
